Component: ARM Compiler 6.16 Tool: armlink [5dfeaa00]

==============================================================================

Section Cross References

    main.o(.text.main) refers to utils_ctboard.o(.text.read_word) for read_word
    main.o(.text.main) refers to utils_ctboard.o(.text.write_word) for write_word
    main.o(.text.main) refers to utils_ctboard.o(.text.read_byte) for read_byte
    main.o(.text.main) refers to utils_ctboard.o(.text.write_byte) for write_byte
    main.o(.ARM.exidx.text.main) refers to main.o(.text.main) for [Anonymous Symbol]
    utils_ctboard.o(.ARM.exidx.text.read_byte) refers to utils_ctboard.o(.text.read_byte) for [Anonymous Symbol]
    utils_ctboard.o(.ARM.exidx.text.read_halfword) refers to utils_ctboard.o(.text.read_halfword) for [Anonymous Symbol]
    utils_ctboard.o(.ARM.exidx.text.read_word) refers to utils_ctboard.o(.text.read_word) for [Anonymous Symbol]
    utils_ctboard.o(.ARM.exidx.text.read_doubleword) refers to utils_ctboard.o(.text.read_doubleword) for [Anonymous Symbol]
    utils_ctboard.o(.ARM.exidx.text.write_byte) refers to utils_ctboard.o(.text.write_byte) for [Anonymous Symbol]
    utils_ctboard.o(.ARM.exidx.text.write_halfword) refers to utils_ctboard.o(.text.write_halfword) for [Anonymous Symbol]
    utils_ctboard.o(.ARM.exidx.text.write_word) refers to utils_ctboard.o(.text.write_word) for [Anonymous Symbol]
    utils_ctboard.o(.ARM.exidx.text.write_doubleword) refers to utils_ctboard.o(.text.write_doubleword) for [Anonymous Symbol]
    datainit_ctboard.o(.text) refers (Weak) to startup_ctboard.o(STACK) for Stack_Mem
    datainit_ctboard.o(.text) refers to main.o(.text.main) for main
    startup_ctboard.o(RESET) refers to startup_ctboard.o(STACK) for __initial_sp
    startup_ctboard.o(RESET) refers to startup_ctboard.o(.text) for Reset_Handler
    startup_ctboard.o(.text) refers to system_ctboard.o(.text.__system) for __system
    startup_ctboard.o(.text) refers to datainit_ctboard.o(.text) for __main
    system_ctboard.o(.text.__system) refers to system_ctboard.o(.text.system_enter_run) for system_enter_run
    system_ctboard.o(.ARM.exidx.text.__system) refers to system_ctboard.o(.text.__system) for [Anonymous Symbol]
    system_ctboard.o(.text.system_enter_run) refers to system_ctboard.o(.text.init_SystemClock) for init_SystemClock
    system_ctboard.o(.text.system_enter_run) refers to system_ctboard.o(.text.init_FMC_SRAM) for init_FMC_SRAM
    system_ctboard.o(.ARM.exidx.text.system_enter_run) refers to system_ctboard.o(.text.system_enter_run) for [Anonymous Symbol]
    system_ctboard.o(.text.init_SystemClock) refers to hal_rcc.o(.text.hal_rcc_reset) for hal_rcc_reset
    system_ctboard.o(.text.init_SystemClock) refers to hal_rcc.o(.text.hal_rcc_set_osc) for hal_rcc_set_osc
    system_ctboard.o(.text.init_SystemClock) refers to hal_rcc.o(.text.hal_rcc_setup_pll) for hal_rcc_setup_pll
    system_ctboard.o(.text.init_SystemClock) refers to hal_pwr.o(.text.hal_pwr_set_overdrive) for hal_pwr_set_overdrive
    system_ctboard.o(.text.init_SystemClock) refers to hal_rcc.o(.text.hal_rcc_setup_clock) for hal_rcc_setup_clock
    system_ctboard.o(.ARM.exidx.text.init_SystemClock) refers to system_ctboard.o(.text.init_SystemClock) for [Anonymous Symbol]
    system_ctboard.o(.text.init_FMC_SRAM) refers to hal_gpio.o(.text.hal_gpio_init_alternate) for hal_gpio_init_alternate
    system_ctboard.o(.text.init_FMC_SRAM) refers to hal_fmc.o(.text.hal_fmc_init_sram) for hal_fmc_init_sram
    system_ctboard.o(.ARM.exidx.text.init_FMC_SRAM) refers to system_ctboard.o(.text.init_FMC_SRAM) for [Anonymous Symbol]
    system_ctboard.o(.ARM.exidx.text.system_enter_sleep) refers to system_ctboard.o(.text.system_enter_sleep) for [Anonymous Symbol]
    system_ctboard.o(.ARM.exidx.text.system_enter_stop) refers to system_ctboard.o(.text.system_enter_stop) for [Anonymous Symbol]
    system_ctboard.o(.ARM.exidx.text.system_enter_standby) refers to system_ctboard.o(.text.system_enter_standby) for [Anonymous Symbol]
    hal_fmc.o(.ARM.exidx.text.hal_fmc_reset) refers to hal_fmc.o(.text.hal_fmc_reset) for [Anonymous Symbol]
    hal_fmc.o(.ARM.exidx.text.hal_fmc_init_sram) refers to hal_fmc.o(.text.hal_fmc_init_sram) for [Anonymous Symbol]
    hal_gpio.o(.ARM.exidx.text.hal_gpio_reset) refers to hal_gpio.o(.text.hal_gpio_reset) for [Anonymous Symbol]
    hal_gpio.o(.text.hal_gpio_init_input) refers to hal_gpio.o(.text.intercept_overwrite_register) for intercept_overwrite_register
    hal_gpio.o(.text.hal_gpio_init_input) refers to hal_gpio.o(.text.create_pattern_mask) for create_pattern_mask
    hal_gpio.o(.ARM.exidx.text.hal_gpio_init_input) refers to hal_gpio.o(.text.hal_gpio_init_input) for [Anonymous Symbol]
    hal_gpio.o(.ARM.exidx.text.intercept_overwrite_register) refers to hal_gpio.o(.text.intercept_overwrite_register) for [Anonymous Symbol]
    hal_gpio.o(.text.create_pattern_mask) refers to aeabi_sdivfast.o(.text_divfast) for __aeabi_uidiv
    hal_gpio.o(.ARM.exidx.text.create_pattern_mask) refers to hal_gpio.o(.text.create_pattern_mask) for [Anonymous Symbol]
    hal_gpio.o(.text.hal_gpio_init_analog) refers to hal_gpio.o(.text.hal_gpio_init_input) for hal_gpio_init_input
    hal_gpio.o(.text.hal_gpio_init_analog) refers to hal_gpio.o(.text.create_pattern_mask) for create_pattern_mask
    hal_gpio.o(.ARM.exidx.text.hal_gpio_init_analog) refers to hal_gpio.o(.text.hal_gpio_init_analog) for [Anonymous Symbol]
    hal_gpio.o(.text.hal_gpio_init_output) refers to hal_gpio.o(.text.intercept_overwrite_register) for intercept_overwrite_register
    hal_gpio.o(.text.hal_gpio_init_output) refers to hal_gpio.o(.text.create_pattern_mask) for create_pattern_mask
    hal_gpio.o(.ARM.exidx.text.hal_gpio_init_output) refers to hal_gpio.o(.text.hal_gpio_init_output) for [Anonymous Symbol]
    hal_gpio.o(.text.hal_gpio_init_alternate) refers to hal_gpio.o(.text.hal_gpio_init_output) for hal_gpio_init_output
    hal_gpio.o(.text.hal_gpio_init_alternate) refers to hal_gpio.o(.text.create_pattern_mask) for create_pattern_mask
    hal_gpio.o(.ARM.exidx.text.hal_gpio_init_alternate) refers to hal_gpio.o(.text.hal_gpio_init_alternate) for [Anonymous Symbol]
    hal_gpio.o(.ARM.exidx.text.hal_gpio_input_read) refers to hal_gpio.o(.text.hal_gpio_input_read) for [Anonymous Symbol]
    hal_gpio.o(.ARM.exidx.text.hal_gpio_output_read) refers to hal_gpio.o(.text.hal_gpio_output_read) for [Anonymous Symbol]
    hal_gpio.o(.text.hal_gpio_output_write) refers to hal_gpio.o(.text.intercept_overwrite_register) for intercept_overwrite_register
    hal_gpio.o(.ARM.exidx.text.hal_gpio_output_write) refers to hal_gpio.o(.text.hal_gpio_output_write) for [Anonymous Symbol]
    hal_gpio.o(.text.hal_gpio_bit_set) refers to hal_gpio.o(.text.intercept_overwrite_register) for intercept_overwrite_register
    hal_gpio.o(.ARM.exidx.text.hal_gpio_bit_set) refers to hal_gpio.o(.text.hal_gpio_bit_set) for [Anonymous Symbol]
    hal_gpio.o(.text.hal_gpio_bit_reset) refers to hal_gpio.o(.text.intercept_overwrite_register) for intercept_overwrite_register
    hal_gpio.o(.ARM.exidx.text.hal_gpio_bit_reset) refers to hal_gpio.o(.text.hal_gpio_bit_reset) for [Anonymous Symbol]
    hal_gpio.o(.text.hal_gpio_bit_toggle) refers to hal_gpio.o(.text.intercept_overwrite_register) for intercept_overwrite_register
    hal_gpio.o(.text.hal_gpio_bit_toggle) refers to hal_gpio.o(.text.hal_gpio_output_read) for hal_gpio_output_read
    hal_gpio.o(.ARM.exidx.text.hal_gpio_bit_toggle) refers to hal_gpio.o(.text.hal_gpio_bit_toggle) for [Anonymous Symbol]
    hal_gpio.o(.text.hal_gpio_irq_set) refers to hal_gpio.o(.text.get_syscfg_mask) for get_syscfg_mask
    hal_gpio.o(.ARM.exidx.text.hal_gpio_irq_set) refers to hal_gpio.o(.text.hal_gpio_irq_set) for [Anonymous Symbol]
    hal_gpio.o(.ARM.exidx.text.get_syscfg_mask) refers to hal_gpio.o(.text.get_syscfg_mask) for [Anonymous Symbol]
    hal_gpio.o(.ARM.exidx.text.hal_gpio_irq_status) refers to hal_gpio.o(.text.hal_gpio_irq_status) for [Anonymous Symbol]
    hal_gpio.o(.ARM.exidx.text.hal_gpio_irq_clear) refers to hal_gpio.o(.text.hal_gpio_irq_clear) for [Anonymous Symbol]
    hal_pwr.o(.ARM.exidx.text.hal_pwr_reset) refers to hal_pwr.o(.text.hal_pwr_reset) for [Anonymous Symbol]
    hal_pwr.o(.ARM.exidx.text.hal_pwr_set_backup_domain) refers to hal_pwr.o(.text.hal_pwr_set_backup_domain) for [Anonymous Symbol]
    hal_pwr.o(.ARM.exidx.text.hal_pwr_set_backup_access) refers to hal_pwr.o(.text.hal_pwr_set_backup_access) for [Anonymous Symbol]
    hal_pwr.o(.ARM.exidx.text.hal_pwr_set_wakeup_pin) refers to hal_pwr.o(.text.hal_pwr_set_wakeup_pin) for [Anonymous Symbol]
    hal_pwr.o(.ARM.exidx.text.hal_pwr_set_flash_powerdown) refers to hal_pwr.o(.text.hal_pwr_set_flash_powerdown) for [Anonymous Symbol]
    hal_pwr.o(.ARM.exidx.text.hal_pwr_set_overdrive) refers to hal_pwr.o(.text.hal_pwr_set_overdrive) for [Anonymous Symbol]
    hal_pwr.o(.ARM.exidx.text.hal_pwr_set_underdrive) refers to hal_pwr.o(.text.hal_pwr_set_underdrive) for [Anonymous Symbol]
    hal_rcc.o(.ARM.exidx.text.hal_rcc_reset) refers to hal_rcc.o(.text.hal_rcc_reset) for [Anonymous Symbol]
    hal_rcc.o(.ARM.exidx.text.hal_rcc_set_peripheral) refers to hal_rcc.o(.text.hal_rcc_set_peripheral) for [Anonymous Symbol]
    hal_rcc.o(.ARM.exidx.text.hal_rcc_set_osc) refers to hal_rcc.o(.text.hal_rcc_set_osc) for [Anonymous Symbol]
    hal_rcc.o(.ARM.exidx.text.hal_rcc_setup_pll) refers to hal_rcc.o(.text.hal_rcc_setup_pll) for [Anonymous Symbol]
    hal_rcc.o(.ARM.exidx.text.hal_rcc_setup_clock) refers to hal_rcc.o(.text.hal_rcc_setup_clock) for [Anonymous Symbol]
    aeabi_idiv0_sigfpe.o(.text) refers to rt_div0.o(.text) for __rt_div0
    rt_div0.o(.text) refers to defsig_fpe_outer.o(.text) for __rt_SIGFPE
    defsig_fpe_outer.o(.text) refers to defsig_fpe_inner.o(.text) for __rt_SIGFPE_inner
    defsig_fpe_outer.o(.text) refers to defsig_exit.o(.text) for __sig_exit
    defsig_fpe_formal.o(.text) refers to rt_raise.o(.text) for __rt_raise
    rt_raise.o(.text) refers to __raise.o(.text) for __raise
    rt_raise.o(.text) refers to sys_exit.o(.text) for _sys_exit
    defsig_exit.o(.text) refers to sys_exit.o(.text) for _sys_exit
    defsig_fpe_inner.o(.text) refers to defsig_general.o(.text) for __default_signal_display
    sys_exit.o(.text) refers (Special) to use_no_semi.o(.text) for __I$use$semihosting
    sys_exit.o(.text) refers (Special) to indicate_semi.o(.text) for __semihosting_library_function
    sys_exit_hlt.o(.text) refers (Special) to use_no_semi.o(.text) for __I$use$semihosting
    sys_exit_hlt.o(.text) refers (Special) to indicate_semi.o(.text) for __semihosting_library_function
    __raise.o(.text) refers to defsig.o(CL$$defsig) for __default_signal_handler
    defsig_general.o(.text) refers to sys_wrch.o(.text) for _ttywrch
    sys_wrch.o(.text) refers (Special) to use_no_semi.o(.text) for __I$use$semihosting
    sys_wrch.o(.text) refers (Special) to indicate_semi.o(.text) for __semihosting_library_function
    sys_wrch_hlt.o(.text) refers (Special) to use_no_semi.o(.text) for __I$use$semihosting
    sys_wrch_hlt.o(.text) refers (Special) to indicate_semi.o(.text) for __semihosting_library_function
    defsig.o(CL$$defsig) refers to defsig_fpe_inner.o(.text) for __rt_SIGFPE_inner
    defsig_abrt_inner.o(.text) refers to defsig_general.o(.text) for __default_signal_display
    defsig_rtred_inner.o(.text) refers to defsig_general.o(.text) for __default_signal_display
    defsig_rtmem_inner.o(.text) refers to defsig_general.o(.text) for __default_signal_display
    defsig_stak_inner.o(.text) refers to defsig_general.o(.text) for __default_signal_display
    defsig_pvfn_inner.o(.text) refers to defsig_general.o(.text) for __default_signal_display
    defsig_cppl_inner.o(.text) refers to defsig_general.o(.text) for __default_signal_display
    defsig_segv_inner.o(.text) refers to defsig_general.o(.text) for __default_signal_display
    defsig_other.o(.text) refers to defsig_general.o(.text) for __default_signal_display


==============================================================================

Removing Unused input sections from the image.

    Removing main.o(.text), (0 bytes).
    Removing main.o(.ARM.exidx.text.main), (8 bytes).
    Removing main.o(.ARM.use_no_argv), (4 bytes).
    Removing utils_ctboard.o(.text), (0 bytes).
    Removing utils_ctboard.o(.ARM.exidx.text.read_byte), (8 bytes).
    Removing utils_ctboard.o(.text.read_halfword), (4 bytes).
    Removing utils_ctboard.o(.ARM.exidx.text.read_halfword), (8 bytes).
    Removing utils_ctboard.o(.ARM.exidx.text.read_word), (8 bytes).
    Removing utils_ctboard.o(.text.read_doubleword), (8 bytes).
    Removing utils_ctboard.o(.ARM.exidx.text.read_doubleword), (8 bytes).
    Removing utils_ctboard.o(.ARM.exidx.text.write_byte), (8 bytes).
    Removing utils_ctboard.o(.text.write_halfword), (4 bytes).
    Removing utils_ctboard.o(.ARM.exidx.text.write_halfword), (8 bytes).
    Removing utils_ctboard.o(.ARM.exidx.text.write_word), (8 bytes).
    Removing utils_ctboard.o(.text.write_doubleword), (4 bytes).
    Removing utils_ctboard.o(.ARM.exidx.text.write_doubleword), (8 bytes).
    Removing startup_ctboard.o(HEAP), (2048 bytes).
    Removing system_ctboard.o(.text), (0 bytes).
    Removing system_ctboard.o(.ARM.exidx.text.__system), (8 bytes).
    Removing system_ctboard.o(.ARM.exidx.text.system_enter_run), (8 bytes).
    Removing system_ctboard.o(.ARM.exidx.text.init_SystemClock), (8 bytes).
    Removing system_ctboard.o(.ARM.exidx.text.init_FMC_SRAM), (8 bytes).
    Removing system_ctboard.o(.text.system_enter_sleep), (2 bytes).
    Removing system_ctboard.o(.ARM.exidx.text.system_enter_sleep), (8 bytes).
    Removing system_ctboard.o(.text.system_enter_stop), (2 bytes).
    Removing system_ctboard.o(.ARM.exidx.text.system_enter_stop), (8 bytes).
    Removing system_ctboard.o(.text.system_enter_standby), (2 bytes).
    Removing system_ctboard.o(.ARM.exidx.text.system_enter_standby), (8 bytes).
    Removing hal_fmc.o(.text), (0 bytes).
    Removing hal_fmc.o(.text.hal_fmc_reset), (72 bytes).
    Removing hal_fmc.o(.ARM.exidx.text.hal_fmc_reset), (8 bytes).
    Removing hal_fmc.o(.ARM.exidx.text.hal_fmc_init_sram), (8 bytes).
    Removing hal_gpio.o(.text), (0 bytes).
    Removing hal_gpio.o(.text.hal_gpio_reset), (76 bytes).
    Removing hal_gpio.o(.ARM.exidx.text.hal_gpio_reset), (8 bytes).
    Removing hal_gpio.o(.text.hal_gpio_init_input), (80 bytes).
    Removing hal_gpio.o(.ARM.exidx.text.hal_gpio_init_input), (8 bytes).
    Removing hal_gpio.o(.ARM.exidx.text.intercept_overwrite_register), (8 bytes).
    Removing hal_gpio.o(.ARM.exidx.text.create_pattern_mask), (8 bytes).
    Removing hal_gpio.o(.text.hal_gpio_init_analog), (34 bytes).
    Removing hal_gpio.o(.ARM.exidx.text.hal_gpio_init_analog), (8 bytes).
    Removing hal_gpio.o(.ARM.exidx.text.hal_gpio_init_output), (8 bytes).
    Removing hal_gpio.o(.ARM.exidx.text.hal_gpio_init_alternate), (8 bytes).
    Removing hal_gpio.o(.text.hal_gpio_input_read), (6 bytes).
    Removing hal_gpio.o(.ARM.exidx.text.hal_gpio_input_read), (8 bytes).
    Removing hal_gpio.o(.text.hal_gpio_output_read), (6 bytes).
    Removing hal_gpio.o(.ARM.exidx.text.hal_gpio_output_read), (8 bytes).
    Removing hal_gpio.o(.text.hal_gpio_output_write), (12 bytes).
    Removing hal_gpio.o(.ARM.exidx.text.hal_gpio_output_write), (8 bytes).
    Removing hal_gpio.o(.text.hal_gpio_bit_set), (16 bytes).
    Removing hal_gpio.o(.ARM.exidx.text.hal_gpio_bit_set), (8 bytes).
    Removing hal_gpio.o(.text.hal_gpio_bit_reset), (18 bytes).
    Removing hal_gpio.o(.ARM.exidx.text.hal_gpio_bit_reset), (8 bytes).
    Removing hal_gpio.o(.text.hal_gpio_bit_toggle), (26 bytes).
    Removing hal_gpio.o(.ARM.exidx.text.hal_gpio_bit_toggle), (8 bytes).
    Removing hal_gpio.o(.text.hal_gpio_irq_set), (288 bytes).
    Removing hal_gpio.o(.ARM.exidx.text.hal_gpio_irq_set), (8 bytes).
    Removing hal_gpio.o(.text.get_syscfg_mask), (88 bytes).
    Removing hal_gpio.o(.ARM.exidx.text.get_syscfg_mask), (8 bytes).
    Removing hal_gpio.o(.text.hal_gpio_irq_status), (28 bytes).
    Removing hal_gpio.o(.ARM.exidx.text.hal_gpio_irq_status), (8 bytes).
    Removing hal_gpio.o(.text.hal_gpio_irq_clear), (16 bytes).
    Removing hal_gpio.o(.ARM.exidx.text.hal_gpio_irq_clear), (8 bytes).
    Removing hal_pwr.o(.text), (0 bytes).
    Removing hal_pwr.o(.text.hal_pwr_reset), (20 bytes).
    Removing hal_pwr.o(.ARM.exidx.text.hal_pwr_reset), (8 bytes).
    Removing hal_pwr.o(.text.hal_pwr_set_backup_domain), (60 bytes).
    Removing hal_pwr.o(.ARM.exidx.text.hal_pwr_set_backup_domain), (8 bytes).
    Removing hal_pwr.o(.text.hal_pwr_set_backup_access), (28 bytes).
    Removing hal_pwr.o(.ARM.exidx.text.hal_pwr_set_backup_access), (8 bytes).
    Removing hal_pwr.o(.text.hal_pwr_set_wakeup_pin), (28 bytes).
    Removing hal_pwr.o(.ARM.exidx.text.hal_pwr_set_wakeup_pin), (8 bytes).
    Removing hal_pwr.o(.text.hal_pwr_set_flash_powerdown), (28 bytes).
    Removing hal_pwr.o(.ARM.exidx.text.hal_pwr_set_flash_powerdown), (8 bytes).
    Removing hal_pwr.o(.ARM.exidx.text.hal_pwr_set_overdrive), (8 bytes).
    Removing hal_pwr.o(.text.hal_pwr_set_underdrive), (4 bytes).
    Removing hal_pwr.o(.ARM.exidx.text.hal_pwr_set_underdrive), (8 bytes).
    Removing hal_rcc.o(.text), (0 bytes).
    Removing hal_rcc.o(.ARM.exidx.text.hal_rcc_reset), (8 bytes).
    Removing hal_rcc.o(.text.hal_rcc_set_peripheral), (232 bytes).
    Removing hal_rcc.o(.ARM.exidx.text.hal_rcc_set_peripheral), (8 bytes).
    Removing hal_rcc.o(.ARM.exidx.text.hal_rcc_set_osc), (8 bytes).
    Removing hal_rcc.o(.ARM.exidx.text.hal_rcc_setup_pll), (8 bytes).
    Removing hal_rcc.o(.ARM.exidx.text.hal_rcc_setup_clock), (8 bytes).

84 unused section(s) (total 3620 bytes) removed from the image.

==============================================================================

Image Symbol Table

    Local Symbols

    Symbol Name                              Value     Ov Type        Size  Object(Section)

    ../clib/angel/rt.s                       0x00000000   Number         0  aeabi_idiv0.o ABSOLUTE
    ../clib/angel/rt.s                       0x00000000   Number         0  aeabi_idiv0_sigfpe.o ABSOLUTE
    ../clib/angel/rt.s                       0x00000000   Number         0  rt_div0.o ABSOLUTE
    ../clib/angel/rt.s                       0x00000000   Number         0  rt_raise.o ABSOLUTE
    ../clib/angel/sys.s                      0x00000000   Number         0  use_no_semi.o ABSOLUTE
    ../clib/angel/sys.s                      0x00000000   Number         0  indicate_semi.o ABSOLUTE
    ../clib/angel/sysapp.c                   0x00000000   Number         0  sys_exit.o ABSOLUTE
    ../clib/angel/sysapp.c                   0x00000000   Number         0  sys_exit_hlt.o ABSOLUTE
    ../clib/angel/sysapp.c                   0x00000000   Number         0  sys_wrch.o ABSOLUTE
    ../clib/angel/sysapp.c                   0x00000000   Number         0  sys_wrch_hlt.o ABSOLUTE
    ../clib/division.s                       0x00000000   Number         0  aeabi_sdivfast.o ABSOLUTE
    ../clib/division.s                       0x00000000   Number         0  aeabi_sdivfast_div0.o ABSOLUTE
    ../clib/signal.c                         0x00000000   Number         0  defsig_fpe_outer.o ABSOLUTE
    ../clib/signal.c                         0x00000000   Number         0  defsig_fpe_formal.o ABSOLUTE
    ../clib/signal.c                         0x00000000   Number         0  defsig_exit.o ABSOLUTE
    ../clib/signal.c                         0x00000000   Number         0  defsig_fpe_inner.o ABSOLUTE
    ../clib/signal.c                         0x00000000   Number         0  __raise.o ABSOLUTE
    ../clib/signal.c                         0x00000000   Number         0  defsig_general.o ABSOLUTE
    ../clib/signal.c                         0x00000000   Number         0  defsig_abrt_inner.o ABSOLUTE
    ../clib/signal.c                         0x00000000   Number         0  defsig_rtred_inner.o ABSOLUTE
    ../clib/signal.c                         0x00000000   Number         0  defsig_rtmem_inner.o ABSOLUTE
    ../clib/signal.c                         0x00000000   Number         0  defsig_stak_inner.o ABSOLUTE
    ../clib/signal.c                         0x00000000   Number         0  defsig_pvfn_inner.o ABSOLUTE
    ../clib/signal.c                         0x00000000   Number         0  defsig_cppl_inner.o ABSOLUTE
    ../clib/signal.c                         0x00000000   Number         0  defsig_segv_inner.o ABSOLUTE
    ../clib/signal.c                         0x00000000   Number         0  defsig_other.o ABSOLUTE
    ../clib/signal.s                         0x00000000   Number         0  defsig.o ABSOLUTE
    RTE/Device/CT_Board_HS14_M0/datainit_ctboard.s 0x00000000   Number         0  datainit_ctboard.o ABSOLUTE
    RTE/Device/CT_Board_HS14_M0/startup_ctboard.s 0x00000000   Number         0  startup_ctboard.o ABSOLUTE
    dc.s                                     0x00000000   Number         0  dc.o ABSOLUTE
    hal_fmc.c                                0x00000000   Number         0  hal_fmc.o ABSOLUTE
    hal_gpio.c                               0x00000000   Number         0  hal_gpio.o ABSOLUTE
    hal_pwr.c                                0x00000000   Number         0  hal_pwr.o ABSOLUTE
    hal_rcc.c                                0x00000000   Number         0  hal_rcc.o ABSOLUTE
    main.c                                   0x00000000   Number         0  main.o ABSOLUTE
    system_ctboard.c                         0x00000000   Number         0  system_ctboard.o ABSOLUTE
    utils_ctboard.c                          0x00000000   Number         0  utils_ctboard.o ABSOLUTE
    RESET                                    0x08000000   Section      428  startup_ctboard.o(RESET)
    .text                                    0x080001ac   Section      124  datainit_ctboard.o(.text)
    .text                                    0x08000228   Section       36  startup_ctboard.o(.text)
    [Anonymous Symbol]                       0x0800024c   Section        0  system_ctboard.o(.text.__system)
    create_pattern_mask                      0x08000255   Thumb Code    86  hal_gpio.o(.text.create_pattern_mask)
    [Anonymous Symbol]                       0x08000254   Section        0  hal_gpio.o(.text.create_pattern_mask)
    [Anonymous Symbol]                       0x080002ac   Section        0  hal_fmc.o(.text.hal_fmc_init_sram)
    __arm_cp.1_0                             0x080003e4   Number         4  hal_fmc.o(.text.hal_fmc_init_sram)
    __arm_cp.1_1                             0x080003e8   Number         4  hal_fmc.o(.text.hal_fmc_init_sram)
    [Anonymous Symbol]                       0x080003ec   Section        0  hal_gpio.o(.text.hal_gpio_init_alternate)
    [Anonymous Symbol]                       0x08000472   Section        0  hal_gpio.o(.text.hal_gpio_init_output)
    [Anonymous Symbol]                       0x080004f2   Section        0  hal_pwr.o(.text.hal_pwr_set_overdrive)
    [Anonymous Symbol]                       0x080004f8   Section        0  hal_rcc.o(.text.hal_rcc_reset)
    __arm_cp.0_1                             0x08000560   Number         4  hal_rcc.o(.text.hal_rcc_reset)
    __arm_cp.0_2                             0x08000564   Number         4  hal_rcc.o(.text.hal_rcc_reset)
    __arm_cp.0_3                             0x08000568   Number         4  hal_rcc.o(.text.hal_rcc_reset)
    __arm_cp.0_4                             0x0800056c   Number         4  hal_rcc.o(.text.hal_rcc_reset)
    __arm_cp.0_5                             0x08000570   Number         4  hal_rcc.o(.text.hal_rcc_reset)
    __arm_cp.0_6                             0x08000574   Number         4  hal_rcc.o(.text.hal_rcc_reset)
    __arm_cp.0_7                             0x08000578   Number         4  hal_rcc.o(.text.hal_rcc_reset)
    [Anonymous Symbol]                       0x0800057c   Section        0  hal_rcc.o(.text.hal_rcc_set_osc)
    __arm_cp.2_0                             0x080005e8   Number         4  hal_rcc.o(.text.hal_rcc_set_osc)
    __arm_cp.2_1                             0x080005ec   Number         4  hal_rcc.o(.text.hal_rcc_set_osc)
    [Anonymous Symbol]                       0x080005f0   Section        0  hal_rcc.o(.text.hal_rcc_setup_clock)
    __arm_cp.4_0                             0x0800064c   Number         4  hal_rcc.o(.text.hal_rcc_setup_clock)
    __arm_cp.4_1                             0x08000650   Number         4  hal_rcc.o(.text.hal_rcc_setup_clock)
    [Anonymous Symbol]                       0x08000654   Section        0  hal_rcc.o(.text.hal_rcc_setup_pll)
    __arm_cp.3_0                             0x08000718   Number         4  hal_rcc.o(.text.hal_rcc_setup_pll)
    __arm_cp.3_1                             0x0800071c   Number         4  hal_rcc.o(.text.hal_rcc_setup_pll)
    __arm_cp.3_2                             0x08000720   Number         4  hal_rcc.o(.text.hal_rcc_setup_pll)
    __arm_cp.3_3                             0x08000724   Number         4  hal_rcc.o(.text.hal_rcc_setup_pll)
    __arm_cp.3_4                             0x08000728   Number         4  hal_rcc.o(.text.hal_rcc_setup_pll)
    __arm_cp.3_5                             0x0800072c   Number         4  hal_rcc.o(.text.hal_rcc_setup_pll)
    init_FMC_SRAM                            0x08000731   Thumb Code   136  system_ctboard.o(.text.init_FMC_SRAM)
    [Anonymous Symbol]                       0x08000730   Section        0  system_ctboard.o(.text.init_FMC_SRAM)
    __arm_cp.3_0                             0x080007b8   Number         4  system_ctboard.o(.text.init_FMC_SRAM)
    __arm_cp.3_1                             0x080007bc   Number         4  system_ctboard.o(.text.init_FMC_SRAM)
    __arm_cp.3_2                             0x080007c0   Number         4  system_ctboard.o(.text.init_FMC_SRAM)
    __arm_cp.3_3                             0x080007c4   Number         4  system_ctboard.o(.text.init_FMC_SRAM)
    __arm_cp.3_4                             0x080007c8   Number         4  system_ctboard.o(.text.init_FMC_SRAM)
    __arm_cp.3_5                             0x080007cc   Number         4  system_ctboard.o(.text.init_FMC_SRAM)
    __arm_cp.3_6                             0x080007d0   Number         4  system_ctboard.o(.text.init_FMC_SRAM)
    __arm_cp.3_7                             0x080007d4   Number         4  system_ctboard.o(.text.init_FMC_SRAM)
    __arm_cp.3_8                             0x080007d8   Number         4  system_ctboard.o(.text.init_FMC_SRAM)
    __arm_cp.3_9                             0x080007dc   Number         4  system_ctboard.o(.text.init_FMC_SRAM)
    __arm_cp.3_10                            0x080007e0   Number         4  system_ctboard.o(.text.init_FMC_SRAM)
    __arm_cp.3_11                            0x080007e4   Number         4  system_ctboard.o(.text.init_FMC_SRAM)
    __arm_cp.3_12                            0x080007e8   Number         4  system_ctboard.o(.text.init_FMC_SRAM)
    init_SystemClock                         0x080007ed   Thumb Code   100  system_ctboard.o(.text.init_SystemClock)
    [Anonymous Symbol]                       0x080007ec   Section        0  system_ctboard.o(.text.init_SystemClock)
    __arm_cp.2_0                             0x08000850   Number         4  system_ctboard.o(.text.init_SystemClock)
    __arm_cp.2_1                             0x08000854   Number         4  system_ctboard.o(.text.init_SystemClock)
    __arm_cp.2_2                             0x08000858   Number         4  system_ctboard.o(.text.init_SystemClock)
    __arm_cp.2_3                             0x0800085c   Number         4  system_ctboard.o(.text.init_SystemClock)
    __arm_cp.2_4                             0x08000860   Number         4  system_ctboard.o(.text.init_SystemClock)
    __arm_cp.2_5                             0x08000864   Number         4  system_ctboard.o(.text.init_SystemClock)
    __arm_cp.2_6                             0x08000868   Number         4  system_ctboard.o(.text.init_SystemClock)
    intercept_overwrite_register             0x0800086d   Thumb Code    20  hal_gpio.o(.text.intercept_overwrite_register)
    [Anonymous Symbol]                       0x0800086c   Section        0  hal_gpio.o(.text.intercept_overwrite_register)
    __arm_cp.2_0                             0x08000880   Number         4  hal_gpio.o(.text.intercept_overwrite_register)
    __arm_cp.2_1                             0x08000884   Number         4  hal_gpio.o(.text.intercept_overwrite_register)
    [Anonymous Symbol]                       0x08000888   Section        0  main.o(.text.main)
    __arm_cp.0_0                             0x080008b4   Number         4  main.o(.text.main)
    __arm_cp.0_1                             0x080008b8   Number         4  main.o(.text.main)
    [Anonymous Symbol]                       0x080008cc   Section        0  utils_ctboard.o(.text.read_byte)
    [Anonymous Symbol]                       0x080008d0   Section        0  utils_ctboard.o(.text.read_word)
    [Anonymous Symbol]                       0x080008d4   Section        0  system_ctboard.o(.text.system_enter_run)
    [Anonymous Symbol]                       0x080008e0   Section        0  utils_ctboard.o(.text.write_byte)
    [Anonymous Symbol]                       0x080008e4   Section        0  utils_ctboard.o(.text.write_word)
    .text_divfast                            0x080008e8   Section      502  aeabi_sdivfast.o(.text_divfast)
    STACK                                    0x20000000   Section     8192  startup_ctboard.o(STACK)
    __initial_sp                             0x20002000   Data           0  startup_ctboard.o(STACK)

    Global Symbols

    Symbol Name                              Value     Ov Type        Size  Object(Section)

    BuildAttributes$$THM_ISAv3M$S$PE$A:L22$X:L11$S22$IEEE1$IW$~IW$USESV6$~STKCKD$USESV7$~SHL$OTIME$ROPI$EBA8$STANDARDLIB$REQ8$PRES8$EABIv2 0x00000000   Number         0  anon$$obj.o ABSOLUTE
    Image$$ER_IROM1$$Limit                    - Undefined Weak Reference
    Image$$RW_IRAM1$$Base                     - Undefined Weak Reference
    Image$$RW_IRAM1$$ZI$$Base                 - Undefined Weak Reference
    Image$$RW_IRAM1$$ZI$$Limit                - Undefined Weak Reference
    __sigvec_lookup                           - Undefined Weak Reference
    __Vectors_Size                           0x000001ac   Number         0  startup_ctboard.o ABSOLUTE
    Stack_Size                               0x00002000   Number         0  startup_ctboard.o ABSOLUTE
    __Vectors                                0x08000000   Data           4  startup_ctboard.o(RESET)
    __Vectors_End                            0x080001ac   Data           0  startup_ctboard.o(RESET)
    __main                                   0x080001ad   Thumb Code    74  datainit_ctboard.o(.text)
    Reset_Handler                            0x08000229   Thumb Code     8  startup_ctboard.o(.text)
    NMI_Handler                              0x08000231   Thumb Code     2  startup_ctboard.o(.text)
    HardFault_Handler                        0x08000233   Thumb Code     2  startup_ctboard.o(.text)
    MemManage_Handler                        0x08000235   Thumb Code     2  startup_ctboard.o(.text)
    BusFault_Handler                         0x08000237   Thumb Code     2  startup_ctboard.o(.text)
    UsageFault_Handler                       0x08000239   Thumb Code     2  startup_ctboard.o(.text)
    SVC_Handler                              0x0800023b   Thumb Code     2  startup_ctboard.o(.text)
    DebugMon_Handler                         0x0800023d   Thumb Code     2  startup_ctboard.o(.text)
    PendSV_Handler                           0x0800023f   Thumb Code     2  startup_ctboard.o(.text)
    SysTick_Handler                          0x08000241   Thumb Code     2  startup_ctboard.o(.text)
    ADC_IRQHandler                           0x08000243   Thumb Code     0  startup_ctboard.o(.text)
    CAN1_RX0_IRQHandler                      0x08000243   Thumb Code     0  startup_ctboard.o(.text)
    CAN1_RX1_IRQHandler                      0x08000243   Thumb Code     0  startup_ctboard.o(.text)
    CAN1_SCE_IRQHandler                      0x08000243   Thumb Code     0  startup_ctboard.o(.text)
    CAN1_TX_IRQHandler                       0x08000243   Thumb Code     0  startup_ctboard.o(.text)
    CAN2_RX0_IRQHandler                      0x08000243   Thumb Code     0  startup_ctboard.o(.text)
    CAN2_RX1_IRQHandler                      0x08000243   Thumb Code     0  startup_ctboard.o(.text)
    CAN2_SCE_IRQHandler                      0x08000243   Thumb Code     0  startup_ctboard.o(.text)
    CAN2_TX_IRQHandler                       0x08000243   Thumb Code     0  startup_ctboard.o(.text)
    CRYP_IRQHandler                          0x08000243   Thumb Code     0  startup_ctboard.o(.text)
    DCMI_IRQHandler                          0x08000243   Thumb Code     0  startup_ctboard.o(.text)
    DMA1_Stream0_IRQHandler                  0x08000243   Thumb Code     0  startup_ctboard.o(.text)
    DMA1_Stream1_IRQHandler                  0x08000243   Thumb Code     0  startup_ctboard.o(.text)
    DMA1_Stream2_IRQHandler                  0x08000243   Thumb Code     0  startup_ctboard.o(.text)
    DMA1_Stream3_IRQHandler                  0x08000243   Thumb Code     0  startup_ctboard.o(.text)
    DMA1_Stream4_IRQHandler                  0x08000243   Thumb Code     0  startup_ctboard.o(.text)
    DMA1_Stream5_IRQHandler                  0x08000243   Thumb Code     0  startup_ctboard.o(.text)
    DMA1_Stream6_IRQHandler                  0x08000243   Thumb Code     0  startup_ctboard.o(.text)
    DMA1_Stream7_IRQHandler                  0x08000243   Thumb Code     0  startup_ctboard.o(.text)
    DMA2D_IRQHandler                         0x08000243   Thumb Code     0  startup_ctboard.o(.text)
    DMA2_Stream0_IRQHandler                  0x08000243   Thumb Code     0  startup_ctboard.o(.text)
    DMA2_Stream1_IRQHandler                  0x08000243   Thumb Code     0  startup_ctboard.o(.text)
    DMA2_Stream2_IRQHandler                  0x08000243   Thumb Code     0  startup_ctboard.o(.text)
    DMA2_Stream3_IRQHandler                  0x08000243   Thumb Code     0  startup_ctboard.o(.text)
    DMA2_Stream4_IRQHandler                  0x08000243   Thumb Code     0  startup_ctboard.o(.text)
    DMA2_Stream5_IRQHandler                  0x08000243   Thumb Code     0  startup_ctboard.o(.text)
    DMA2_Stream6_IRQHandler                  0x08000243   Thumb Code     0  startup_ctboard.o(.text)
    DMA2_Stream7_IRQHandler                  0x08000243   Thumb Code     0  startup_ctboard.o(.text)
    ETH_IRQHandler                           0x08000243   Thumb Code     0  startup_ctboard.o(.text)
    ETH_WKUP_IRQHandler                      0x08000243   Thumb Code     0  startup_ctboard.o(.text)
    EXTI0_IRQHandler                         0x08000243   Thumb Code     0  startup_ctboard.o(.text)
    EXTI15_10_IRQHandler                     0x08000243   Thumb Code     0  startup_ctboard.o(.text)
    EXTI1_IRQHandler                         0x08000243   Thumb Code     0  startup_ctboard.o(.text)
    EXTI2_IRQHandler                         0x08000243   Thumb Code     0  startup_ctboard.o(.text)
    EXTI3_IRQHandler                         0x08000243   Thumb Code     0  startup_ctboard.o(.text)
    EXTI4_IRQHandler                         0x08000243   Thumb Code     0  startup_ctboard.o(.text)
    EXTI9_5_IRQHandler                       0x08000243   Thumb Code     0  startup_ctboard.o(.text)
    FLASH_IRQHandler                         0x08000243   Thumb Code     0  startup_ctboard.o(.text)
    FMC_IRQHandler                           0x08000243   Thumb Code     0  startup_ctboard.o(.text)
    FPU_IRQHandler                           0x08000243   Thumb Code     0  startup_ctboard.o(.text)
    HASH_RNG_IRQHandler                      0x08000243   Thumb Code     0  startup_ctboard.o(.text)
    I2C1_ER_IRQHandler                       0x08000243   Thumb Code     0  startup_ctboard.o(.text)
    I2C1_EV_IRQHandler                       0x08000243   Thumb Code     0  startup_ctboard.o(.text)
    I2C2_ER_IRQHandler                       0x08000243   Thumb Code     0  startup_ctboard.o(.text)
    I2C2_EV_IRQHandler                       0x08000243   Thumb Code     0  startup_ctboard.o(.text)
    I2C3_ER_IRQHandler                       0x08000243   Thumb Code     0  startup_ctboard.o(.text)
    I2C3_EV_IRQHandler                       0x08000243   Thumb Code     0  startup_ctboard.o(.text)
    LTDC_ER_IRQHandler                       0x08000243   Thumb Code     0  startup_ctboard.o(.text)
    LTDC_IRQHandler                          0x08000243   Thumb Code     0  startup_ctboard.o(.text)
    OTG_FS_IRQHandler                        0x08000243   Thumb Code     0  startup_ctboard.o(.text)
    OTG_FS_WKUP_IRQHandler                   0x08000243   Thumb Code     0  startup_ctboard.o(.text)
    OTG_HS_EP1_IN_IRQHandler                 0x08000243   Thumb Code     0  startup_ctboard.o(.text)
    OTG_HS_EP1_OUT_IRQHandler                0x08000243   Thumb Code     0  startup_ctboard.o(.text)
    OTG_HS_IRQHandler                        0x08000243   Thumb Code     0  startup_ctboard.o(.text)
    OTG_HS_WKUP_IRQHandler                   0x08000243   Thumb Code     0  startup_ctboard.o(.text)
    PVD_IRQHandler                           0x08000243   Thumb Code     0  startup_ctboard.o(.text)
    RCC_IRQHandler                           0x08000243   Thumb Code     0  startup_ctboard.o(.text)
    RTC_Alarm_IRQHandler                     0x08000243   Thumb Code     0  startup_ctboard.o(.text)
    RTC_WKUP_IRQHandler                      0x08000243   Thumb Code     0  startup_ctboard.o(.text)
    SAI1_IRQHandler                          0x08000243   Thumb Code     0  startup_ctboard.o(.text)
    SDIO_IRQHandler                          0x08000243   Thumb Code     0  startup_ctboard.o(.text)
    SPI1_IRQHandler                          0x08000243   Thumb Code     0  startup_ctboard.o(.text)
    SPI2_IRQHandler                          0x08000243   Thumb Code     0  startup_ctboard.o(.text)
    SPI3_IRQHandler                          0x08000243   Thumb Code     0  startup_ctboard.o(.text)
    SPI4_IRQHandler                          0x08000243   Thumb Code     0  startup_ctboard.o(.text)
    SPI5_IRQHandler                          0x08000243   Thumb Code     0  startup_ctboard.o(.text)
    SPI6_IRQHandler                          0x08000243   Thumb Code     0  startup_ctboard.o(.text)
    TAMP_STAMP_IRQHandler                    0x08000243   Thumb Code     0  startup_ctboard.o(.text)
    TIM1_BRK_TIM9_IRQHandler                 0x08000243   Thumb Code     0  startup_ctboard.o(.text)
    TIM1_CC_IRQHandler                       0x08000243   Thumb Code     0  startup_ctboard.o(.text)
    TIM1_TRG_COM_TIM11_IRQHandler            0x08000243   Thumb Code     0  startup_ctboard.o(.text)
    TIM1_UP_TIM10_IRQHandler                 0x08000243   Thumb Code     0  startup_ctboard.o(.text)
    TIM2_IRQHandler                          0x08000243   Thumb Code     0  startup_ctboard.o(.text)
    TIM3_IRQHandler                          0x08000243   Thumb Code     0  startup_ctboard.o(.text)
    TIM4_IRQHandler                          0x08000243   Thumb Code     0  startup_ctboard.o(.text)
    TIM5_IRQHandler                          0x08000243   Thumb Code     0  startup_ctboard.o(.text)
    TIM6_DAC_IRQHandler                      0x08000243   Thumb Code     0  startup_ctboard.o(.text)
    TIM7_IRQHandler                          0x08000243   Thumb Code     0  startup_ctboard.o(.text)
    TIM8_BRK_TIM12_IRQHandler                0x08000243   Thumb Code     0  startup_ctboard.o(.text)
    TIM8_CC_IRQHandler                       0x08000243   Thumb Code     0  startup_ctboard.o(.text)
    TIM8_TRG_COM_TIM14_IRQHandler            0x08000243   Thumb Code     0  startup_ctboard.o(.text)
    TIM8_UP_TIM13_IRQHandler                 0x08000243   Thumb Code     0  startup_ctboard.o(.text)
    UART4_IRQHandler                         0x08000243   Thumb Code     0  startup_ctboard.o(.text)
    UART5_IRQHandler                         0x08000243   Thumb Code     0  startup_ctboard.o(.text)
    UART7_IRQHandler                         0x08000243   Thumb Code     0  startup_ctboard.o(.text)
    UART8_IRQHandler                         0x08000243   Thumb Code     0  startup_ctboard.o(.text)
    USART1_IRQHandler                        0x08000243   Thumb Code     0  startup_ctboard.o(.text)
    USART2_IRQHandler                        0x08000243   Thumb Code     0  startup_ctboard.o(.text)
    USART3_IRQHandler                        0x08000243   Thumb Code     0  startup_ctboard.o(.text)
    USART6_IRQHandler                        0x08000243   Thumb Code     0  startup_ctboard.o(.text)
    WWDG_IRQHandler                          0x08000243   Thumb Code     0  startup_ctboard.o(.text)
    __system                                 0x0800024d   Thumb Code     8  system_ctboard.o(.text.__system)
    hal_fmc_init_sram                        0x080002ad   Thumb Code   312  hal_fmc.o(.text.hal_fmc_init_sram)
    hal_gpio_init_alternate                  0x080003ed   Thumb Code   134  hal_gpio.o(.text.hal_gpio_init_alternate)
    hal_gpio_init_output                     0x08000473   Thumb Code   128  hal_gpio.o(.text.hal_gpio_init_output)
    hal_pwr_set_overdrive                    0x080004f3   Thumb Code     4  hal_pwr.o(.text.hal_pwr_set_overdrive)
    hal_rcc_reset                            0x080004f9   Thumb Code   104  hal_rcc.o(.text.hal_rcc_reset)
    hal_rcc_set_osc                          0x0800057d   Thumb Code   108  hal_rcc.o(.text.hal_rcc_set_osc)
    hal_rcc_setup_clock                      0x080005f1   Thumb Code    92  hal_rcc.o(.text.hal_rcc_setup_clock)
    hal_rcc_setup_pll                        0x08000655   Thumb Code   196  hal_rcc.o(.text.hal_rcc_setup_pll)
    main                                     0x08000889   Thumb Code    44  main.o(.text.main)
    read_byte                                0x080008cd   Thumb Code     4  utils_ctboard.o(.text.read_byte)
    read_word                                0x080008d1   Thumb Code     4  utils_ctboard.o(.text.read_word)
    system_enter_run                         0x080008d5   Thumb Code    12  system_ctboard.o(.text.system_enter_run)
    write_byte                               0x080008e1   Thumb Code     4  utils_ctboard.o(.text.write_byte)
    write_word                               0x080008e5   Thumb Code     4  utils_ctboard.o(.text.write_word)
    __aeabi_uidiv                            0x080008e9   Thumb Code    68  aeabi_sdivfast.o(.text_divfast)
    __aeabi_idiv                             0x0800092d   Thumb Code   434  aeabi_sdivfast.o(.text_divfast)
    Image$$RO$$Limit                         0x08000ae0   Number         0  anon$$obj.o ABSOLUTE
    Image$$RW$$Base                          0x20000000   Number         0  anon$$obj.o ABSOLUTE
    Image$$ZI$$Base                          0x20000000   Number         0  anon$$obj.o ABSOLUTE
    Stack_Mem                                0x20000000   Data        8192  startup_ctboard.o(STACK)
    Image$$ZI$$Limit                         0x20002000   Number         0  anon$$obj.o ABSOLUTE



==============================================================================

Memory Map of the image

  Image Entry point : 0x08000229

  Load Region LR_1 (Base: 0x08000000, Size: 0x00000ae0, Max: 0xffffffff, ABSOLUTE)

    Execution Region ER_RO (Exec base: 0x08000000, Load base: 0x08000000, Size: 0x00000ae0, Max: 0xffffffff, ABSOLUTE)

    Exec Addr    Load Addr    Size         Type   Attr      Idx    E Section Name        Object

    0x08000000   0x08000000   0x000001ac   Data   RO           43    RESET               startup_ctboard.o
    0x080001ac   0x080001ac   0x0000007c   Code   RO           35    .text               datainit_ctboard.o
    0x08000228   0x08000228   0x00000024   Code   RO           44  * .text               startup_ctboard.o
    0x0800024c   0x0800024c   0x00000008   Code   RO           49    .text.__system      system_ctboard.o
    0x08000254   0x08000254   0x00000056   Code   RO           89    .text.create_pattern_mask  hal_gpio.o
    0x080002aa   0x080002aa   0x00000002   PAD
    0x080002ac   0x080002ac   0x00000140   Code   RO           73    .text.hal_fmc_init_sram  hal_fmc.o
    0x080003ec   0x080003ec   0x00000086   Code   RO           95    .text.hal_gpio_init_alternate  hal_gpio.o
    0x08000472   0x08000472   0x00000080   Code   RO           93    .text.hal_gpio_init_output  hal_gpio.o
    0x080004f2   0x080004f2   0x00000004   Code   RO          135    .text.hal_pwr_set_overdrive  hal_pwr.o
    0x080004f6   0x080004f6   0x00000002   PAD
    0x080004f8   0x080004f8   0x00000084   Code   RO          147    .text.hal_rcc_reset  hal_rcc.o
    0x0800057c   0x0800057c   0x00000074   Code   RO          151    .text.hal_rcc_set_osc  hal_rcc.o
    0x080005f0   0x080005f0   0x00000064   Code   RO          155    .text.hal_rcc_setup_clock  hal_rcc.o
    0x08000654   0x08000654   0x000000dc   Code   RO          153    .text.hal_rcc_setup_pll  hal_rcc.o
    0x08000730   0x08000730   0x000000bc   Code   RO           55    .text.init_FMC_SRAM  system_ctboard.o
    0x080007ec   0x080007ec   0x00000080   Code   RO           53    .text.init_SystemClock  system_ctboard.o
    0x0800086c   0x0800086c   0x0000001c   Code   RO           87    .text.intercept_overwrite_register  hal_gpio.o
    0x08000888   0x08000888   0x00000044   Code   RO            2    .text.main          main.o
    0x080008cc   0x080008cc   0x00000004   Code   RO           12    .text.read_byte     utils_ctboard.o
    0x080008d0   0x080008d0   0x00000004   Code   RO           16    .text.read_word     utils_ctboard.o
    0x080008d4   0x080008d4   0x0000000c   Code   RO           51    .text.system_enter_run  system_ctboard.o
    0x080008e0   0x080008e0   0x00000004   Code   RO           20    .text.write_byte    utils_ctboard.o
    0x080008e4   0x080008e4   0x00000004   Code   RO           24    .text.write_word    utils_ctboard.o
    0x080008e8   0x080008e8   0x000001f6   Code   RO          167    .text_divfast       c_p.l(aeabi_sdivfast.o)


    Execution Region ER_RW (Exec base: 0x20000000, Load base: 0x08000ae0, Size: 0x00000000, Max: 0xffffffff, ABSOLUTE)

    **** No section assigned to this execution region ****


    Execution Region ER_ZI (Exec base: 0x20000000, Load base: 0x08000ae0, Size: 0x00002000, Max: 0xffffffff, ABSOLUTE)

    Exec Addr    Load Addr    Size         Type   Attr      Idx    E Section Name        Object

    0x20000000        -       0x00002000   Zero   RW           41    STACK               startup_ctboard.o


==============================================================================

Image component sizes


      Code (inc. data)   RO Data    RW Data    ZI Data      Debug   Object Name

       124         50          0          0          0        480   datainit_ctboard.o
       320          8          0          0          0       4421   hal_fmc.o
       376          8          0          0          0       9417   hal_gpio.o
         4          0          0          0          0       2381   hal_pwr.o
       568         68          0          0          0       5406   hal_rcc.o
        68         24          0          0          0        819   main.o
        36          8        428          0       8192        848   startup_ctboard.o
       336         80          0          0          0       7017   system_ctboard.o
        16          0          0          0          0       2036   utils_ctboard.o

    ----------------------------------------------------------------------
      1852        246        428          0       8192      32825   Object Totals
         0          0          0          0          0          0   (incl. Generated)
         4          0          0          0          0          0   (incl. Padding)

    ----------------------------------------------------------------------

      Code (inc. data)   RO Data    RW Data    ZI Data      Debug   Library Member Name

       502          0          0          0          0         92   aeabi_sdivfast.o

    ----------------------------------------------------------------------
       504          0          0          0          0         92   Library Totals
         2          0          0          0          0          0   (incl. Padding)

    ----------------------------------------------------------------------

      Code (inc. data)   RO Data    RW Data    ZI Data      Debug   Library Name

       502          0          0          0          0         92   c_p.l

    ----------------------------------------------------------------------
       504          0          0          0          0         92   Library Totals

    ----------------------------------------------------------------------

==============================================================================


      Code (inc. data)   RO Data    RW Data    ZI Data      Debug   

      2356        246        428          0       8192      32693   Grand Totals
      2356        246        428          0       8192      32693   ELF Image Totals
      2356        246        428          0          0          0   ROM Totals

==============================================================================

    Total RO  Size (Code + RO Data)                 2784 (   2.72kB)
    Total RW  Size (RW Data + ZI Data)              8192 (   8.00kB)
    Total ROM Size (Code + RO Data + RW Data)       2784 (   2.72kB)

==============================================================================

